// Jest Snapshot v1, https://goo.gl/fbAQLP

exports[`renders the Geolocation component 1`] = `[Function]`;
